--- DuplicateGuard AI Verification ---

Test Case: Clean Academic Document
Status: VALID
Confidence Score: 100.00%
Risk Analysis: Risk Level: LOW. Found 0 anomalies. Data appears consistent.

Test Case: Anomalous Academic Document (Invalid GPA)
Status: INVALID
Confidence Score: 85.00%
Risk Analysis: Risk Level: MEDIUM. Found 1 anomalies. Manual review highly recommended before blockchain anchoring.
Anomalies:
 - [MEDIUM] ANOMALOUS_GPA: GPA value 5.5 is outside standard 0.0-4.0 range.

Test Case: Clean Legal Document
Status: VALID
Confidence Score: 100.00%
Risk Analysis: Risk Level: LOW. Found 0 anomalies. Data appears consistent.

Test Case: Fraudulent Legal Document (Missing NIK & Invalid CID)
Status: INVALID
Confidence Score: 0.00%
Risk Analysis: Risk Level: HIGH. Found 2 anomalies. Manual review highly recommended before blockchain anchoring.
Anomalies:
 - [HIGH] INVALID_CID: IPFS CID format is invalid or missing.
 - [MEDIUM] MISSING_IDENTITY: Legal document metadata missing NIK.

Test Case: Duplicate Legal Document
Status: INVALID
Confidence Score: 10.00%
Risk Analysis: Risk Level: HIGH. Found 2 anomalies. Manual review highly recommended before blockchain anchoring.
Anomalies:
 - [HIGH] INVALID_NIK_FORMAT: NIK must be exactly 16 digits.
 - [HIGH] DUPLICATE_ENTRY: A document with this identity already exists in the pre-chain registry.
